0.141: [GC 13312K->336K(49152K), 0.0015200 secs]
0.193: [GC 13648K->288K(49152K), 0.0012150 secs]
0.241: [GC 13600K->320K(49152K), 0.0016170 secs]
0.289: [GC 13632K->272K(49152K), 0.0013970 secs]
0.341: [GC 13584K->288K(49152K), 0.0012170 secs]
0.389: [GC 13600K->272K(49152K), 0.0012000 secs]
0.442: [GC 15120K->248K(49152K), 0.0020670 secs]
0.498: [GC 15096K->248K(50688K), 0.0015720 secs]
0.558: [GC 16632K->248K(50688K), 0.0018920 secs]
0.617: [GC 16632K->248K(50688K), 0.0032430 secs]
0.685: [GC 16632K->248K(50688K), 0.0006430 secs]
0.747: [GC 16632K->248K(50688K), 0.0005870 secs]
0.805: [GC 16632K->248K(50688K), 0.0007610 secs]
0.863: [GC 16632K->248K(50688K), 0.0007350 secs]
0.926: [GC 16632K->248K(50688K), 0.0033270 secs]
0.987: [GC 16632K->248K(50688K), 0.0011320 secs]
1.046: [GC 16632K->248K(50688K), 0.0028090 secs]
1.110: [GC 16632K->248K(50688K), 0.0010950 secs]
1.169: [GC 16632K->248K(50688K), 0.0010720 secs]
1.227: [GC 16632K->248K(50688K), 0.0019560 secs]
1.288: [GC 16632K->248K(50688K), 0.0021820 secs]
1.357: [GC 16632K->248K(50688K), 0.0010600 secs]
1.419: [GC 16632K->248K(50688K), 0.0007450 secs]
1.477: [GC 16632K->248K(50688K), 0.0041750 secs]
1.540: [GC 16632K->248K(50688K), 0.0012280 secs]
1.604: [GC 16632K->248K(50688K), 0.0016000 secs]
1.664: [GC 16632K->248K(50688K), 0.0025460 secs]
1.724: [GC 16632K->248K(50688K), 0.0016210 secs]
1.790: [GC 16632K->248K(50688K), 0.0010080 secs]
1.848: [GC 16632K->248K(50688K), 0.0007630 secs]
1.906: [GC 16632K->248K(50688K), 0.0011190 secs]
1.965: [GC 16632K->248K(50688K), 0.0008860 secs]
2.030: [GC 16632K->248K(50688K), 0.0005120 secs]
2.090: [GC 16632K->248K(50688K), 0.0011760 secs]
2.148: [GC 16632K->248K(50688K), 0.0010620 secs]
2.207: [GC 16632K->248K(50688K), 0.0010620 secs]
2.267: [GC 16632K->248K(50688K), 0.0010550 secs]
2.325: [GC 16632K->248K(50688K), 0.0011410 secs]
2.384: [GC 16632K->248K(50688K), 0.0010830 secs]
2.442: [GC 16632K->248K(50688K), 0.0011470 secs]
2.501: [GC 16632K->248K(50688K), 0.0010220 secs]
2.560: [GC 16632K->248K(50688K), 0.0013810 secs]
2.627: [GC 16632K->248K(50688K), 0.0010150 secs]
2.690: [GC 16632K->248K(50688K), 0.0007830 secs]
2.748: [GC 16632K->248K(50688K), 0.0006140 secs]
2.806: [GC 16632K->248K(50688K), 0.0005800 secs]
2.865: [GC 16632K->248K(50688K), 0.0006850 secs]
2.923: [GC 16632K->248K(50688K), 0.0009430 secs]
2.981: [GC 16632K->248K(50688K), 0.0010890 secs]
3.039: [GC 16632K->248K(50688K), 0.0006440 secs]
3.140: [GC 16632K->248K(50688K), 0.0008150 secs]
3.207: [GC 16632K->248K(50688K), 0.0006020 secs]
3.264: [GC 16632K->248K(50688K), 0.0004810 secs]
3.327: [GC 16632K->248K(50688K), 0.0007380 secs]
3.385: [GC 16632K->248K(50688K), 0.0004910 secs]
3.443: [GC 16632K->248K(50688K), 0.0010590 secs]
3.502: [GC 16632K->248K(50688K), 0.0005940 secs]
3.566: [GC 16632K->248K(50688K), 0.0008520 secs]
3.625: [GC 16632K->248K(50688K), 0.0011090 secs]
3.690: [GC 16632K->248K(50688K), 0.0010230 secs]
3.757: [GC 16632K->248K(50688K), 0.0006880 secs]
3.814: [GC 16632K->248K(50688K), 0.0006460 secs]
3.880: [GC 16632K->248K(50688K), 0.0010260 secs]
3.939: [GC 16632K->248K(50688K), 0.0010710 secs]
3.997: [GC 16632K->248K(50688K), 0.0010750 secs]
4.055: [GC 16632K->248K(50688K), 0.0011570 secs]
4.140: [GC 16632K->248K(50688K), 0.0008320 secs]
4.227: [GC 16632K->248K(50688K), 0.0005770 secs]
4.318: [GC 16632K->248K(50688K), 0.0005860 secs]
4.405: [GC 16632K->248K(50688K), 0.0005970 secs]
4.491: [GC 16632K->248K(50688K), 0.0006170 secs]
4.589: [GC 16632K->248K(50688K), 0.0006020 secs]
4.681: [GC 16632K->248K(50688K), 0.0008840 secs]
4.768: [GC 16632K->248K(50688K), 0.0010880 secs]
4.856: [GC 16632K->248K(50688K), 0.0009280 secs]
4.950: [GC 16632K->248K(50688K), 0.0005160 secs]
5.039: [GC 16632K->248K(50688K), 0.0006830 secs]
5.132: [GC 16632K->248K(50688K), 0.0008770 secs]
5.219: [GC 16632K->248K(50688K), 0.0009650 secs]
5.309: [GC 16632K->248K(50688K), 0.0010860 secs]
5.397: [GC 16632K->248K(50688K), 0.0010720 secs]
5.491: [GC 16632K->248K(50688K), 0.0010330 secs]
5.578: [GC 16632K->248K(50688K), 0.0007530 secs]
5.666: [GC 16632K->248K(50688K), 0.0012210 secs]
5.754: [GC 16632K->248K(50688K), 0.0009520 secs]
5.850: [GC 16632K->248K(50688K), 0.0006380 secs]
5.937: [GC 16632K->248K(50688K), 0.0006510 secs]
6.024: [GC 16632K->248K(50688K), 0.0007140 secs]
6.121: [GC 16632K->248K(50688K), 0.0007120 secs]
6.208: [GC 16632K->248K(50688K), 0.0006560 secs]
6.295: [GC 16632K->248K(50688K), 0.0006240 secs]
6.382: [GC 16632K->248K(50688K), 0.0006110 secs]
6.470: [GC 16632K->248K(50688K), 0.0005650 secs]
6.556: [GC 16632K->248K(50688K), 0.0006080 secs]
6.644: [GC 16632K->248K(50688K), 0.0006050 secs]
6.739: [GC 16632K->248K(50688K), 0.0006170 secs]
6.833: [GC 16632K->248K(50688K), 0.0008910 secs]
6.921: [GC 16632K->248K(50688K), 0.0006100 secs]
7.014: [GC 16632K->248K(50688K), 0.0006250 secs]
7.103: [GC 16632K->248K(50688K), 0.0005880 secs]
7.189: [GC 16632K->248K(50688K), 0.0006230 secs]
7.277: [GC 16632K->248K(50688K), 0.0005860 secs]
7.371: [GC 16632K->248K(50688K), 0.0004900 secs]
7.460: [GC 16632K->248K(50688K), 0.0006860 secs]
7.554: [GC 16632K->248K(50688K), 0.0006590 secs]
7.657: [GC 16632K->248K(50688K), 0.0011390 secs]
7.746: [GC 16632K->248K(50688K), 0.0011430 secs]
7.833: [GC 16632K->248K(50688K), 0.0011300 secs]
7.925: [GC 16632K->248K(50688K), 0.0010430 secs]
8.012: [GC 16632K->248K(50688K), 0.0012050 secs]
8.102: [GC 16632K->248K(50688K), 0.0008580 secs]
8.193: [GC 16632K->248K(50688K), 0.0006750 secs]
8.288: [GC 16632K->248K(50688K), 0.0007020 secs]
8.376: [GC 16632K->248K(50688K), 0.0006920 secs]
8.462: [GC 16632K->248K(50688K), 0.0007490 secs]
8.551: [GC 16632K->248K(50688K), 0.0005890 secs]
8.641: [GC 16632K->248K(50688K), 0.0013370 secs]
8.732: [GC 16632K->248K(50688K), 0.0008320 secs]
8.826: [GC 16632K->248K(50688K), 0.0006170 secs]
8.922: [GC 16632K->248K(50688K), 0.0006110 secs]
9.008: [GC 16632K->248K(50688K), 0.0013130 secs]
9.102: [GC 16632K->248K(50688K), 0.0010200 secs]
9.196: [GC 16632K->248K(50688K), 0.0011310 secs]
9.284: [GC 16632K->248K(50688K), 0.0009400 secs]
9.378: [GC 16632K->248K(50688K), 0.0007910 secs]
9.473: [GC 16632K->248K(50688K), 0.0011670 secs]
9.560: [GC 16632K->248K(50688K), 0.0008360 secs]
9.654: [GC 16632K->248K(50688K), 0.0006360 secs]
9.749: [GC 16632K->248K(50688K), 0.0007570 secs]
9.836: [GC 16632K->248K(50688K), 0.0007190 secs]
9.932: [GC 16632K->248K(50688K), 0.0010550 secs]
10.019: [GC 16632K->248K(50688K), 0.0010850 secs]
10.107: [GC 16632K->248K(50688K), 0.0011900 secs]
10.194: [GC 16632K->248K(50688K), 0.0016110 secs]
10.283: [GC 16632K->248K(50688K), 0.0010550 secs]
10.371: [GC 16632K->248K(50688K), 0.0017310 secs]
10.459: [GC 16632K->248K(50688K), 0.0010700 secs]
10.553: [GC 16632K->248K(50688K), 0.0009550 secs]
10.649: [GC 16632K->248K(50688K), 0.0008390 secs]
10.750: [GC 16632K->248K(50688K), 0.0014140 secs]
10.838: [GC 16632K->248K(50688K), 0.0010600 secs]
10.929: [GC 16632K->248K(50688K), 0.0009080 secs]
11.023: [GC 16632K->248K(50688K), 0.0009760 secs]
11.116: [GC 16632K->248K(50688K), 0.0010040 secs]
11.204: [GC 16632K->248K(50688K), 0.0011720 secs]
11.293: [GC 16632K->248K(50688K), 0.0012390 secs]
11.384: [GC 16632K->248K(50688K), 0.0007620 secs]
11.476: [GC 16632K->248K(50688K), 0.0009750 secs]
11.564: [GC 16632K->248K(50688K), 0.0009310 secs]
11.656: [GC 16632K->248K(50688K), 0.0007850 secs]
11.743: [GC 16632K->248K(50688K), 0.0011760 secs]
11.830: [GC 16632K->248K(50688K), 0.0010060 secs]
11.917: [GC 16632K->248K(50688K), 0.0010560 secs]
12.004: [GC 16632K->248K(50688K), 0.0009340 secs]
12.092: [GC 16632K->248K(50688K), 0.0011270 secs]
12.179: [GC 16632K->248K(50688K), 0.0010770 secs]
12.287: [GC 16632K->248K(50688K), 0.0013720 secs]
12.375: [GC 16632K->248K(50688K), 0.0006200 secs]
12.462: [GC 16632K->248K(50688K), 0.0006690 secs]
12.551: [GC 16632K->248K(50688K), 0.0006220 secs]
12.638: [GC 16632K->248K(50688K), 0.0006060 secs]
12.725: [GC 16632K->248K(50688K), 0.0004970 secs]
12.813: [GC 16632K->248K(50688K), 0.0006780 secs]
12.901: [GC 16632K->248K(50688K), 0.0007240 secs]
12.991: [GC 16632K->248K(50688K), 0.0007210 secs]
13.087: [GC 16632K->248K(50688K), 0.0010880 secs]
13.175: [GC 16632K->248K(50688K), 0.0012470 secs]
13.263: [GC 16632K->248K(50688K), 0.0013190 secs]
13.351: [GC 16632K->248K(50688K), 0.0010720 secs]
13.438: [GC 16632K->248K(50688K), 0.0007270 secs]
13.531: [GC 16632K->248K(50688K), 0.0006980 secs]
13.617: [GC 16632K->248K(50688K), 0.0006110 secs]
13.704: [GC 16632K->248K(50688K), 0.0006980 secs]
13.791: [GC 16632K->248K(50688K), 0.0019710 secs]
13.884: [GC 16632K->248K(50688K), 0.0011730 secs]
13.971: [GC 16632K->248K(50688K), 0.0012750 secs]
14.067: [GC 16632K->248K(50688K), 0.0010370 secs]
14.154: [GC 16632K->248K(50688K), 0.0011950 secs]
14.242: [GC 16632K->248K(50688K), 0.0006620 secs]
14.330: [GC 16632K->248K(50688K), 0.0015440 secs]
14.429: [GC 16632K->248K(50688K), 0.0011610 secs]
14.517: [GC 16632K->248K(50688K), 0.0011260 secs]
14.611: [GC 16632K->248K(50688K), 0.0010350 secs]
14.707: [GC 16632K->248K(50688K), 0.0016930 secs]
14.796: [GC 16632K->248K(50688K), 0.0012000 secs]
14.885: [GC 16632K->248K(50688K), 0.0010000 secs]
14.972: [GC 16632K->248K(50688K), 0.0008450 secs]
15.065: [GC 16632K->248K(50688K), 0.0006320 secs]
15.152: [GC 16632K->248K(50688K), 0.0005770 secs]
15.244: [GC 16632K->248K(50688K), 0.0006340 secs]
15.336: [GC 16632K->248K(50688K), 0.0007450 secs]
15.422: [GC 16632K->248K(50688K), 0.0006420 secs]
15.511: [GC 16632K->248K(50688K), 0.0011340 secs]
15.599: [GC 16632K->248K(50688K), 0.0011560 secs]
15.686: [GC 16632K->248K(50688K), 0.0006380 secs]
15.777: [GC 16632K->248K(50688K), 0.0006930 secs]
15.870: [GC 16632K->248K(50688K), 0.0005980 secs]
15.956: [GC 16632K->248K(50688K), 0.0006620 secs]
16.049: [GC 16632K->248K(50688K), 0.0006730 secs]
16.145: [GC 16632K->248K(50688K), 0.0010560 secs]
16.240: [GC 16632K->248K(50688K), 0.0009860 secs]
16.329: [GC 16632K->248K(50688K), 0.0011110 secs]
16.416: [GC 16632K->248K(50688K), 0.0010360 secs]
16.503: [GC 16632K->248K(50688K), 0.0011900 secs]
16.590: [GC 16632K->248K(50688K), 0.0007240 secs]
16.677: [GC 16632K->248K(50688K), 0.0013530 secs]
16.764: [GC 16632K->248K(50688K), 0.0019700 secs]
16.855: [GC 16632K->248K(50688K), 0.0007570 secs]
16.947: [GC 16632K->248K(50688K), 0.0012710 secs]
17.044: [GC 16632K->248K(50688K), 0.0010570 secs]
17.141: [GC 16632K->248K(50688K), 0.0011140 secs]
17.228: [GC 16632K->248K(50688K), 0.0010550 secs]
17.323: [GC 16632K->248K(50688K), 0.0009730 secs]
17.410: [GC 16632K->248K(50688K), 0.0012940 secs]
17.499: [GC 16632K->248K(50688K), 0.0010080 secs]
17.586: [GC 16632K->248K(50688K), 0.0011720 secs]
17.674: [GC 16632K->248K(50688K), 0.0009560 secs]
17.767: [GC 16632K->248K(50688K), 0.0012210 secs]
17.859: [GC 16632K->248K(50688K), 0.0011290 secs]
17.947: [GC 16632K->248K(50688K), 0.0011740 secs]
18.040: [GC 16632K->248K(50688K), 0.0011280 secs]
18.135: [GC 16632K->248K(50688K), 0.0010370 secs]
18.222: [GC 16632K->248K(50688K), 0.0007600 secs]
18.310: [GC 16632K->248K(50688K), 0.0014300 secs]
18.408: [GC 16632K->248K(50688K), 0.0010570 secs]
18.500: [GC 16632K->248K(50688K), 0.0008750 secs]
18.592: [GC 16632K->248K(50688K), 0.0007560 secs]
18.681: [GC 16632K->248K(50688K), 0.0006130 secs]
18.768: [GC 16632K->248K(50688K), 0.0007920 secs]
18.860: [GC 16632K->248K(50688K), 0.0012300 secs]
18.948: [GC 16632K->248K(50688K), 0.0014190 secs]
19.039: [GC 16632K->248K(50688K), 0.0010990 secs]
19.135: [GC 16632K->248K(50688K), 0.0010400 secs]
19.222: [GC 16632K->248K(50688K), 0.0007800 secs]
19.309: [GC 16632K->248K(50688K), 0.0006160 secs]
19.398: [GC 16632K->248K(50688K), 0.0007290 secs]
19.494: [GC 16632K->248K(50688K), 0.0015510 secs]
19.582: [GC 16632K->248K(50688K), 0.0012750 secs]
19.670: [GC 16632K->248K(50688K), 0.0011760 secs]
19.757: [GC 16632K->248K(50688K), 0.0010690 secs]
19.853: [GC 16632K->248K(50688K), 0.0010480 secs]
19.954: [GC 16632K->248K(50688K), 0.0016440 secs]
20.043: [GC 16632K->248K(50688K), 0.0009010 secs]
20.132: [GC 16632K->248K(50688K), 0.0006320 secs]
20.219: [GC 16632K->248K(50688K), 0.0007000 secs]
20.306: [GC 16632K->248K(50688K), 0.0006200 secs]
20.396: [GC 16632K->248K(50688K), 0.0006120 secs]
20.485: [GC 16632K->248K(50688K), 0.0009190 secs]
20.575: [GC 16632K->248K(50688K), 0.0011870 secs]
20.665: [GC 16632K->248K(50688K), 0.0009990 secs]
20.756: [GC 16632K->248K(50688K), 0.0011330 secs]
20.844: [GC 16632K->248K(50688K), 0.0012630 secs]
20.932: [GC 16632K->248K(50688K), 0.0013580 secs]
21.020: [GC 16632K->248K(50688K), 0.0011240 secs]
21.108: [GC 16632K->248K(50688K), 0.0006970 secs]
21.200: [GC 16632K->248K(50688K), 0.0009350 secs]
21.287: [GC 16632K->248K(50688K), 0.0007690 secs]
21.373: [GC 16632K->248K(50688K), 0.0025520 secs]
21.466: [GC 16632K->248K(50688K), 0.0006320 secs]
21.574: [GC 16632K->248K(50688K), 0.0009720 secs]
21.664: [GC 16632K->248K(50688K), 0.0010840 secs]
21.753: [GC 16632K->248K(50688K), 0.0011300 secs]
21.840: [GC 16632K->248K(50688K), 0.0010990 secs]
21.928: [GC 16632K->248K(50688K), 0.0007970 secs]
22.025: [GC 16632K->248K(50688K), 0.0009420 secs]
22.122: [GC 16632K->248K(50688K), 0.0006550 secs]
22.208: [GC 16632K->248K(50688K), 0.0006410 secs]
22.295: [GC 16632K->248K(50688K), 0.0005610 secs]
22.389: [GC 16632K->248K(50688K), 0.0006490 secs]
22.481: [GC 16632K->248K(50688K), 0.0010840 secs]
22.578: [GC 16632K->248K(50688K), 0.0013480 secs]
22.673: [GC 16632K->248K(50688K), 0.0011140 secs]
22.769: [GC 16632K->248K(50688K), 0.0006600 secs]
22.865: [GC 16632K->248K(50688K), 0.0007340 secs]
22.960: [GC 16632K->248K(50688K), 0.0006290 secs]
23.060: [GC 16632K->248K(50688K), 0.0013210 secs]
23.147: [GC 16632K->248K(50688K), 0.0011400 secs]
23.240: [GC 16632K->248K(50688K), 0.0010900 secs]
23.327: [GC 16632K->248K(50688K), 0.0011060 secs]
23.414: [GC 16632K->248K(50688K), 0.0010700 secs]
23.502: [GC 16632K->248K(50688K), 0.0013950 secs]
23.589: [GC 16632K->248K(50688K), 0.0010620 secs]
23.677: [GC 16632K->248K(50688K), 0.0012300 secs]
23.765: [GC 16632K->248K(50688K), 0.0009260 secs]
23.861: [GC 16632K->248K(50688K), 0.0007420 secs]
23.958: [GC 16632K->248K(50688K), 0.0006160 secs]
24.045: [GC 16632K->248K(50688K), 0.0006390 secs]
24.137: [GC 16632K->248K(50688K), 0.0010800 secs]
24.224: [GC 16632K->248K(50688K), 0.0007960 secs]
24.315: [GC 16632K->248K(50688K), 0.0006090 secs]
24.405: [GC 16632K->248K(50688K), 0.0007060 secs]
24.498: [GC 16632K->248K(50688K), 0.0007830 secs]
24.589: [GC 16632K->248K(50688K), 0.0008390 secs]
24.680: [GC 16632K->248K(50688K), 0.0015260 secs]
24.773: [GC 16632K->248K(50688K), 0.0010820 secs]
24.880: [GC 16632K->248K(50688K), 0.0009480 secs]
24.980: [GC 16632K->248K(50688K), 0.0008400 secs]
25.069: [GC 16632K->248K(50688K), 0.0006260 secs]
25.159: [GC 16632K->248K(50688K), 0.0006420 secs]
25.248: [GC 16632K->248K(50688K), 0.0011110 secs]
25.337: [GC 16632K->248K(50688K), 0.0012300 secs]
25.433: [GC 16632K->248K(50688K), 0.0010190 secs]
25.520: [GC 16632K->248K(50688K), 0.0010220 secs]
25.607: [GC 16632K->248K(50688K), 0.0011680 secs]
25.696: [GC 16632K->248K(50688K), 0.0010630 secs]
25.784: [GC 16632K->248K(50688K), 0.0014570 secs]
25.873: [GC 16632K->248K(50688K), 0.0010670 secs]
25.964: [GC 16632K->248K(50688K), 0.0011420 secs]
26.056: [GC 16632K->248K(50688K), 0.0011510 secs]
26.169: [GC 16632K->248K(50688K), 0.0007370 secs]
26.260: [GC 16632K->248K(50688K), 0.0010540 secs]
26.351: [GC 16632K->248K(50688K), 0.0012670 secs]
26.439: [GC 16632K->248K(50688K), 0.0012250 secs]
26.528: [GC 16632K->248K(50688K), 0.0007740 secs]
26.622: [GC 16632K->248K(50688K), 0.0006030 secs]
26.709: [GC 16632K->248K(50688K), 0.0006280 secs]
26.801: [GC 16632K->248K(50688K), 0.0006190 secs]
26.889: [GC 16632K->248K(50688K), 0.0006790 secs]
26.983: [GC 16632K->248K(50688K), 0.0007500 secs]
27.072: [GC 16632K->248K(50688K), 0.0008670 secs]
27.163: [GC 16632K->248K(50688K), 0.0015880 secs]
27.281: [GC 16632K->248K(50688K), 0.0012020 secs]
27.372: [GC 16632K->248K(50688K), 0.0012950 secs]
27.469: [GC 16632K->248K(50688K), 0.0010210 secs]
27.558: [GC 16632K->248K(50688K), 0.0011220 secs]
27.648: [GC 16632K->248K(50688K), 0.0007340 secs]
27.747: [GC 16632K->248K(50688K), 0.0011590 secs]
27.845: [GC 16632K->248K(50688K), 0.0011170 secs]
27.933: [GC 16632K->248K(50688K), 0.0008400 secs]
28.020: [GC 16632K->248K(50688K), 0.0007600 secs]
28.107: [GC 16632K->248K(50688K), 0.0006010 secs]
28.194: [GC 16632K->248K(50688K), 0.0008720 secs]
28.289: [GC 16632K->248K(50688K), 0.0008580 secs]
28.385: [GC 16632K->248K(50688K), 0.0007880 secs]
28.481: [GC 16632K->248K(50688K), 0.0010690 secs]
28.570: [GC 16632K->248K(50688K), 0.0010490 secs]
28.678: [GC 16632K->248K(50688K), 0.0012230 secs]
28.766: [GC 16632K->248K(50688K), 0.0006600 secs]
28.853: [GC 16632K->248K(50688K), 0.0006250 secs]
28.940: [GC 16632K->248K(50688K), 0.0006940 secs]
29.026: [GC 16632K->248K(50688K), 0.0004870 secs]
29.113: [GC 16632K->248K(50688K), 0.0009160 secs]
29.204: [GC 16632K->248K(50688K), 0.0009060 secs]
29.314: [GC 16632K->248K(50688K), 0.0008350 secs]
29.401: [GC 16632K->248K(50688K), 0.0010180 secs]
29.492: [GC 16632K->248K(50688K), 0.0010690 secs]
29.580: [GC 16632K->248K(50688K), 0.0007500 secs]
29.667: [GC 16632K->248K(50688K), 0.0011280 secs]
29.764: [GC 16632K->248K(50688K), 0.0016100 secs]
29.861: [GC 16632K->248K(50688K), 0.0007650 secs]
29.949: [GC 16632K->248K(50688K), 0.0011160 secs]
30.043: [GC 16632K->248K(50688K), 0.0006520 secs]
30.140: [GC 16632K->248K(50688K), 0.0008440 secs]
30.228: [GC 16632K->248K(50688K), 0.0010960 secs]
30.317: [GC 16632K->248K(50688K), 0.0010810 secs]
30.404: [GC 16632K->248K(50688K), 0.0011580 secs]
30.492: [GC 16632K->248K(50688K), 0.0013690 secs]
30.580: [GC 16632K->248K(50688K), 0.0013600 secs]
30.669: [GC 16632K->248K(50688K), 0.0010110 secs]
30.763: [GC 16632K->248K(50688K), 0.0010150 secs]
30.862: [GC 16632K->248K(50688K), 0.0008010 secs]
30.950: [GC 16632K->248K(50688K), 0.0009240 secs]
31.037: [GC 16632K->248K(50688K), 0.0009130 secs]
31.124: [GC 16632K->248K(50688K), 0.0010440 secs]
31.222: [GC 16632K->248K(50688K), 0.0007510 secs]
31.309: [GC 16632K->248K(50688K), 0.0007910 secs]
31.397: [GC 16632K->248K(50688K), 0.0006840 secs]
31.483: [GC 16632K->248K(50688K), 0.0005930 secs]
31.571: [GC 16632K->248K(50688K), 0.0010640 secs]
31.659: [GC 16632K->248K(50688K), 0.0010440 secs]
31.747: [GC 16632K->248K(50688K), 0.0011560 secs]
31.835: [GC 16632K->248K(50688K), 0.0005980 secs]
31.927: [GC 16632K->248K(50688K), 0.0011180 secs]
32.015: [GC 16632K->248K(50688K), 0.0008640 secs]
32.107: [GC 16632K->248K(50688K), 0.0005990 secs]
32.211: [GC 16632K->248K(50688K), 0.0006640 secs]
32.301: [GC 16632K->248K(50688K), 0.0010290 secs]
32.399: [GC 16632K->248K(50688K), 0.0011380 secs]
32.486: [GC 16632K->248K(50688K), 0.0015290 secs]
32.576: [GC 16632K->248K(50688K), 0.0012190 secs]
32.665: [GC 16632K->248K(50688K), 0.0011810 secs]
32.752: [GC 16632K->248K(50688K), 0.0010900 secs]
32.841: [GC 16632K->248K(50688K), 0.0013910 secs]
32.932: [GC 16632K->248K(50688K), 0.0011100 secs]
33.019: [GC 16632K->248K(50688K), 0.0009180 secs]
33.117: [GC 16632K->248K(50688K), 0.0006340 secs]
33.209: [GC 16632K->248K(50688K), 0.0012730 secs]
33.298: [GC 16632K->248K(50688K), 0.0008290 secs]
33.391: [GC 16632K->248K(50688K), 0.0006230 secs]
33.478: [GC 16632K->248K(50688K), 0.0006040 secs]
33.565: [GC 16632K->248K(50688K), 0.0006020 secs]
33.655: [GC 16632K->248K(50688K), 0.0010320 secs]
33.743: [GC 16632K->248K(50688K), 0.0011290 secs]
33.831: [GC 16632K->248K(50688K), 0.0010090 secs]
33.923: [GC 16632K->248K(50688K), 0.0009880 secs]
34.011: [GC 16632K->248K(50688K), 0.0012460 secs]
34.099: [GC 16632K->248K(50688K), 0.0012270 secs]
34.194: [GC 16632K->248K(50688K), 0.0010620 secs]
34.282: [GC 16632K->248K(50688K), 0.0007680 secs]
34.369: [GC 16632K->248K(50688K), 0.0006360 secs]
34.458: [GC 16632K->248K(50688K), 0.0007700 secs]
34.546: [GC 16632K->248K(50688K), 0.0010330 secs]
34.634: [GC 16632K->248K(50688K), 0.0006660 secs]
34.726: [GC 16632K->248K(50688K), 0.0018640 secs]
34.818: [GC 16632K->248K(50688K), 0.0010440 secs]
34.906: [GC 16632K->248K(50688K), 0.0011980 secs]
34.994: [GC 16632K->248K(50688K), 0.0004870 secs]
35.080: [GC 16632K->248K(50688K), 0.0013560 secs]
35.167: [GC 16632K->248K(50688K), 0.0010790 secs]
35.255: [GC 16632K->248K(50688K), 0.0012840 secs]
35.343: [GC 16632K->248K(50688K), 0.0011480 secs]
35.432: [GC 16632K->248K(50688K), 0.0008330 secs]
35.523: [GC 16632K->248K(50688K), 0.0010900 secs]
35.620: [GC 16632K->248K(50688K), 0.0007550 secs]
35.707: [GC 16632K->248K(50688K), 0.0006130 secs]
35.799: [GC 16632K->248K(50688K), 0.0006200 secs]
35.891: [GC 16632K->248K(50688K), 0.0012840 secs]
35.985: [GC 16632K->248K(50688K), 0.0010970 secs]
36.072: [GC 16632K->248K(50688K), 0.0024740 secs]
36.165: [GC 16632K->248K(50688K), 0.0016340 secs]
36.257: [GC 16632K->248K(50688K), 0.0010570 secs]
36.345: [GC 16632K->248K(50688K), 0.0042790 secs]
36.435: [GC 16632K->248K(50688K), 0.0010650 secs]
36.523: [GC 16632K->248K(50688K), 0.0010760 secs]
36.618: [GC 16632K->248K(50688K), 0.0007890 secs]
36.706: [GC 16632K->248K(50688K), 0.0007720 secs]
36.798: [GC 16632K->248K(50688K), 0.0006090 secs]
36.893: [GC 16632K->248K(50688K), 0.0009170 secs]
37.002: [GC 16632K->248K(50688K), 0.0023100 secs]
37.094: [GC 16632K->248K(50688K), 0.0011030 secs]
37.187: [GC 16632K->248K(50688K), 0.0017840 secs]
37.276: [GC 16632K->248K(50688K), 0.0011850 secs]
37.373: [GC 16632K->248K(50688K), 0.0012130 secs]
37.469: [GC 16632K->248K(50688K), 0.0006700 secs]
37.568: [GC 16632K->248K(50688K), 0.0011090 secs]
37.663: [GC 16632K->248K(50688K), 0.0011010 secs]
37.751: [GC 16632K->248K(50688K), 0.0010540 secs]
37.838: [GC 16632K->248K(50688K), 0.0005950 secs]
37.931: [GC 16632K->248K(50688K), 0.0008150 secs]
38.018: [GC 16632K->248K(50688K), 0.0008110 secs]
38.106: [GC 16632K->248K(50688K), 0.0011190 secs]
38.193: [GC 16632K->248K(50688K), 0.0010140 secs]
38.280: [GC 16632K->248K(50688K), 0.0009160 secs]
38.368: [GC 16632K->248K(50688K), 0.0007560 secs]
38.455: [GC 16632K->248K(50688K), 0.0006910 secs]
38.547: [GC 16632K->248K(50688K), 0.0006880 secs]
38.634: [GC 16632K->248K(50688K), 0.0007340 secs]
38.720: [GC 16632K->248K(50688K), 0.0006670 secs]
38.807: [GC 16632K->248K(50688K), 0.0007700 secs]
38.901: [GC 16632K->248K(50688K), 0.0010190 secs]
38.988: [GC 16632K->248K(50688K), 0.0010430 secs]
39.079: [GC 16632K->248K(50688K), 0.0009970 secs]
39.168: [GC 16632K->248K(50688K), 0.0009770 secs]
39.255: [GC 16632K->248K(50688K), 0.0007170 secs]
39.347: [GC 16632K->248K(50688K), 0.0006280 secs]
39.443: [GC 16632K->248K(50688K), 0.0011850 secs]
39.537: [GC 16632K->248K(50688K), 0.0013650 secs]
39.631: [GC 16632K->248K(50688K), 0.0011980 secs]
39.719: [GC 16632K->248K(50688K), 0.0011360 secs]
39.806: [GC 16632K->248K(50688K), 0.0023520 secs]
39.895: [GC 16632K->248K(50688K), 0.0007360 secs]
39.989: [GC 16632K->248K(50688K), 0.0007060 secs]
40.082: [GC 16632K->248K(50688K), 0.0011410 secs]
40.169: [GC 16632K->248K(50688K), 0.0010660 secs]
40.256: [GC 16632K->248K(50688K), 0.0013070 secs]
40.345: [GC 16632K->248K(50688K), 0.0012260 secs]
40.432: [GC 16632K->248K(50688K), 0.0010000 secs]
40.520: [GC 16632K->248K(50688K), 0.0010880 secs]
40.607: [GC 16632K->248K(50688K), 0.0011760 secs]
40.694: [GC 16632K->248K(50688K), 0.0010360 secs]
40.782: [GC 16632K->248K(50688K), 0.0013160 secs]
40.870: [GC 16632K->248K(50688K), 0.0013150 secs]
40.960: [GC 16632K->248K(50688K), 0.0010130 secs]
41.056: [GC 16632K->248K(50688K), 0.0005080 secs]
41.151: [GC 16632K->248K(50688K), 0.0009660 secs]
41.237: [GC 16632K->248K(50688K), 0.0007410 secs]
41.324: [GC 16632K->248K(50688K), 0.0017250 secs]
41.411: [GC 16632K->248K(50688K), 0.0007750 secs]
41.498: [GC 16632K->248K(50688K), 0.0026090 secs]
41.587: [GC 16632K->248K(50688K), 0.0007930 secs]
41.681: [GC 16632K->248K(50688K), 0.0006600 secs]
41.768: [GC 16632K->248K(50688K), 0.0011320 secs]
41.856: [GC 16632K->248K(50688K), 0.0014380 secs]
41.944: [GC 16632K->248K(50688K), 0.0010640 secs]
42.031: [GC 16632K->248K(50688K), 0.0011780 secs]
42.120: [GC 16632K->248K(50688K), 0.0023130 secs]
42.208: [GC 16632K->248K(50688K), 0.0041880 secs]
42.298: [GC 16632K->248K(50688K), 0.0009280 secs]
42.385: [GC 16632K->248K(50688K), 0.0006180 secs]
42.473: [GC 16632K->248K(50688K), 0.0006580 secs]
42.560: [GC 16632K->248K(50688K), 0.0009840 secs]
42.648: [GC 16632K->248K(50688K), 0.0012800 secs]
42.736: [GC 16632K->248K(50688K), 0.0006910 secs]
42.822: [GC 16632K->248K(50688K), 0.0006100 secs]
42.909: [GC 16632K->248K(50688K), 0.0006050 secs]
42.995: [GC 16632K->248K(50688K), 0.0007660 secs]
43.082: [GC 16632K->248K(50688K), 0.0006110 secs]
43.177: [GC 16632K->248K(50688K), 0.0005940 secs]
43.267: [GC 16632K->248K(50688K), 0.0006810 secs]
43.354: [GC 16632K->248K(50688K), 0.0012000 secs]
43.442: [GC 16632K->248K(50688K), 0.0007130 secs]
43.532: [GC 16632K->248K(50688K), 0.0012700 secs]
43.620: [GC 16632K->248K(50688K), 0.0018240 secs]
43.713: [GC 16632K->248K(50688K), 0.0010410 secs]
43.801: [GC 16632K->248K(50688K), 0.0011370 secs]
43.888: [GC 16632K->248K(50688K), 0.0008540 secs]
43.976: [GC 16632K->248K(50688K), 0.0009490 secs]
44.063: [GC 16632K->248K(50688K), 0.0011340 secs]
44.159: [GC 16632K->248K(50688K), 0.0006400 secs]
44.251: [GC 16632K->248K(50688K), 0.0007810 secs]
44.344: [GC 16632K->248K(50688K), 0.0012000 secs]
44.431: [GC 16632K->248K(50688K), 0.0012240 secs]
44.519: [GC 16632K->248K(50688K), 0.0007730 secs]
44.611: [GC 16632K->248K(50688K), 0.0006060 secs]
44.703: [GC 16632K->248K(50688K), 0.0008210 secs]
44.792: [GC 16632K->248K(50688K), 0.0010610 secs]
44.879: [GC 16632K->248K(50688K), 0.0010690 secs]
44.967: [GC 16632K->248K(50688K), 0.0010530 secs]
45.055: [GC 16632K->248K(50688K), 0.0007660 secs]
45.150: [GC 16632K->248K(50688K), 0.0009940 secs]
45.238: [GC 16632K->248K(50688K), 0.0010840 secs]
45.334: [GC 16632K->248K(50688K), 0.0010400 secs]
45.422: [GC 16632K->248K(50688K), 0.0010110 secs]
45.518: [GC 16632K->248K(50688K), 0.0009720 secs]
45.610: [GC 16632K->248K(50688K), 0.0011400 secs]
45.704: [GC 16632K->248K(50688K), 0.0011250 secs]
45.791: [GC 16632K->248K(50688K), 0.0012270 secs]
45.879: [GC 16632K->248K(50688K), 0.0007210 secs]
45.977: [GC 16632K->248K(50688K), 0.0008820 secs]
46.073: [GC 16632K->248K(50688K), 0.0007260 secs]
46.166: [GC 16632K->248K(50688K), 0.0007420 secs]
46.261: [GC 16632K->248K(50688K), 0.0006160 secs]
46.348: [GC 16632K->248K(50688K), 0.0007240 secs]
46.443: [GC 16632K->248K(50688K), 0.0007920 secs]
46.529: [GC 16632K->248K(50688K), 0.0012350 secs]
46.617: [GC 16632K->248K(50688K), 0.0010860 secs]
46.704: [GC 16632K->248K(50688K), 0.0012730 secs]
46.792: [GC 16632K->248K(50688K), 0.0012510 secs]
46.880: [GC 16632K->248K(50688K), 0.0011540 secs]
46.969: [GC 16632K->248K(50688K), 0.0012060 secs]
47.056: [GC 16632K->248K(50688K), 0.0011230 secs]
47.145: [GC 16632K->248K(50688K), 0.0012030 secs]
47.234: [GC 16632K->248K(50688K), 0.0010960 secs]
47.323: [GC 16632K->248K(50688K), 0.0010710 secs]
47.411: [GC 16632K->248K(50688K), 0.0016000 secs]
47.505: [GC 16632K->248K(50688K), 0.0010240 secs]
47.598: [GC 16632K->248K(50688K), 0.0010840 secs]
47.686: [GC 16632K->248K(50688K), 0.0010300 secs]
47.775: [GC 16632K->248K(50688K), 0.0006780 secs]
47.865: [GC 16632K->248K(50688K), 0.0014660 secs]
47.952: [GC 16632K->248K(50688K), 0.0010040 secs]
48.045: [GC 16632K->248K(50688K), 0.0014680 secs]
48.136: [GC 16632K->248K(50688K), 0.0022940 secs]
48.225: [GC 16632K->248K(50688K), 0.0011160 secs]
48.315: [GC 16632K->248K(50688K), 0.0011080 secs]
48.402: [GC 16632K->248K(50688K), 0.0013190 secs]
48.494: [GC 16632K->248K(50688K), 0.0011510 secs]
48.586: [GC 16632K->248K(50688K), 0.0013220 secs]
48.680: [GC 16632K->248K(50688K), 0.0010300 secs]
48.767: [GC 16632K->248K(50688K), 0.0012530 secs]
48.855: [GC 16632K->248K(50688K), 0.0008130 secs]
48.941: [GC 16632K->248K(50688K), 0.0007140 secs]
49.029: [GC 16632K->248K(50688K), 0.0006240 secs]
49.116: [GC 16632K->248K(50688K), 0.0013320 secs]
49.212: [GC 16632K->248K(50688K), 0.0006320 secs]
49.303: [GC 16632K->248K(50688K), 0.0006470 secs]
49.390: [GC 16632K->248K(50688K), 0.0006430 secs]
49.481: [GC 16632K->248K(50688K), 0.0007540 secs]
49.577: [GC 16632K->248K(50688K), 0.0006130 secs]
49.664: [GC 16632K->248K(50688K), 0.0010220 secs]
49.751: [GC 16632K->248K(50688K), 0.0009430 secs]
49.839: [GC 16632K->248K(50688K), 0.0010270 secs]
49.929: [GC 16632K->248K(50688K), 0.0011440 secs]
50.017: [GC 16632K->248K(50688K), 0.0010110 secs]
50.104: [GC 16632K->248K(50688K), 0.0010880 secs]
50.201: [GC 16632K->248K(50688K), 0.0013030 secs]
50.291: [GC 16632K->248K(50688K), 0.0011760 secs]
50.384: [GC 16632K->248K(50688K), 0.0007280 secs]
50.472: [GC 16632K->248K(50688K), 0.0007260 secs]
50.563: [GC 16632K->248K(50688K), 0.0012160 secs]
50.651: [GC 16632K->248K(50688K), 0.0012160 secs]
50.739: [GC 16632K->248K(50688K), 0.0012080 secs]
50.832: [GC 16632K->248K(50688K), 0.0006650 secs]
50.919: [GC 16632K->248K(50688K), 0.0008210 secs]
51.006: [GC 16632K->248K(50688K), 0.0008100 secs]
51.095: [GC 16632K->248K(50688K), 0.0012600 secs]
51.184: [GC 16632K->248K(50688K), 0.0005910 secs]
51.270: [GC 16632K->248K(50688K), 0.0014660 secs]
51.358: [GC 16632K->248K(50688K), 0.0009920 secs]
51.446: [GC 16632K->248K(50688K), 0.0010360 secs]
51.533: [GC 16632K->248K(50688K), 0.0007100 secs]
51.628: [GC 16632K->248K(50688K), 0.0010670 secs]
51.725: [GC 16632K->248K(50688K), 0.0007860 secs]
51.821: [GC 16632K->248K(50688K), 0.0010380 secs]
51.908: [GC 16632K->248K(50688K), 0.0009620 secs]
51.996: [GC 16632K->248K(50688K), 0.0011100 secs]
52.083: [GC 16632K->248K(50688K), 0.0012560 secs]
52.175: [GC 16632K->248K(50688K), 0.0014100 secs]
52.263: [GC 16632K->248K(50688K), 0.0010260 secs]
52.366: [GC 16632K->248K(50688K), 0.0014020 secs]
52.455: [GC 16632K->248K(50688K), 0.0010510 secs]
52.543: [GC 16632K->248K(50688K), 0.0007650 secs]
52.638: [GC 16632K->248K(50688K), 0.0005780 secs]
52.733: [GC 16632K->248K(50688K), 0.0010420 secs]
52.820: [GC 16632K->248K(50688K), 0.0012210 secs]
52.909: [GC 16632K->248K(50688K), 0.0011900 secs]
53.000: [GC 16632K->248K(50688K), 0.0011670 secs]
53.090: [GC 16632K->248K(50688K), 0.0007930 secs]
53.177: [GC 16632K->248K(50688K), 0.0005990 secs]
53.270: [GC 16632K->248K(50688K), 0.0006070 secs]
53.372: [GC 16632K->248K(50688K), 0.0009120 secs]
53.467: [GC 16632K->248K(50688K), 0.0007040 secs]
53.562: [GC 16632K->248K(50688K), 0.0008950 secs]
53.649: [GC 16632K->248K(50688K), 0.0010020 secs]
53.737: [GC 16632K->248K(50688K), 0.0010150 secs]
53.824: [GC 16632K->248K(50688K), 0.0010630 secs]
53.916: [GC 16632K->248K(50688K), 0.0006760 secs]
54.006: [GC 16632K->248K(50688K), 0.0006130 secs]
54.101: [GC 16632K->248K(50688K), 0.0010880 secs]
54.188: [GC 16632K->248K(50688K), 0.0008730 secs]
54.274: [GC 16632K->248K(50688K), 0.0005920 secs]
54.366: [GC 16632K->248K(50688K), 0.0012740 secs]
54.455: [GC 16632K->248K(50688K), 0.0007940 secs]
54.542: [GC 16632K->248K(50688K), 0.0009000 secs]
54.632: [GC 16632K->248K(50688K), 0.0007780 secs]
54.726: [GC 16632K->248K(50688K), 0.0012400 secs]
54.814: [GC 16632K->248K(50688K), 0.0008400 secs]
54.907: [GC 16632K->248K(50688K), 0.0010300 secs]
54.996: [GC 16632K->248K(50688K), 0.0012190 secs]
55.083: [GC 16632K->248K(50688K), 0.0013960 secs]
55.171: [GC 16632K->248K(50688K), 0.0013150 secs]
55.259: [GC 16632K->248K(50688K), 0.0013910 secs]
55.346: [GC 16632K->248K(50688K), 0.0014730 secs]
55.436: [GC 16632K->248K(50688K), 0.0006220 secs]
55.526: [GC 16632K->248K(50688K), 0.0009160 secs]
55.613: [GC 16632K->248K(50688K), 0.0006640 secs]
55.702: [GC 16632K->248K(50688K), 0.0006960 secs]
55.788: [GC 16632K->248K(50688K), 0.0009970 secs]
55.878: [GC 16632K->248K(50688K), 0.0012300 secs]
55.967: [GC 16632K->248K(50688K), 0.0011290 secs]
56.055: [GC 16632K->248K(50688K), 0.0006360 secs]
56.142: [GC 16632K->248K(50688K), 0.0006090 secs]
56.231: [GC 16632K->248K(50688K), 0.0012490 secs]
56.319: [GC 16632K->248K(50688K), 0.0010300 secs]
56.408: [GC 16632K->248K(50688K), 0.0005890 secs]
56.496: [GC 16632K->248K(50688K), 0.0014280 secs]
56.584: [GC 16632K->248K(50688K), 0.0011090 secs]
56.672: [GC 16632K->248K(50688K), 0.0010900 secs]
56.759: [GC 16632K->248K(50688K), 0.0008250 secs]
56.852: [GC 16632K->248K(50688K), 0.0011190 secs]
56.939: [GC 16632K->248K(50688K), 0.0013610 secs]
57.031: [GC 16632K->248K(50688K), 0.0008340 secs]
57.129: [GC 16632K->248K(50688K), 0.0006430 secs]
57.223: [GC 16632K->248K(50688K), 0.0013430 secs]
57.310: [GC 16632K->248K(50688K), 0.0007730 secs]
57.403: [GC 16632K->248K(50688K), 0.0006250 secs]
57.499: [GC 16632K->248K(50688K), 0.0007290 secs]
57.586: [GC 16632K->248K(50688K), 0.0006630 secs]
57.673: [GC 16632K->248K(50688K), 0.0006410 secs]
57.763: [GC 16632K->248K(50688K), 0.0011110 secs]
57.851: [GC 16632K->248K(50688K), 0.0012930 secs]
57.939: [GC 16632K->248K(50688K), 0.0012260 secs]
58.027: [GC 16632K->248K(50688K), 0.0010850 secs]
58.113: [GC 16632K->248K(50688K), 0.0010400 secs]
58.206: [GC 16632K->248K(50688K), 0.0006810 secs]
58.293: [GC 16632K->248K(50688K), 0.0006620 secs]
58.380: [GC 16632K->248K(50688K), 0.0010370 secs]
58.482: [GC 16632K->248K(50688K), 0.0011820 secs]
58.569: [GC 16632K->248K(50688K), 0.0010990 secs]
58.657: [GC 16632K->248K(50688K), 0.0010940 secs]
58.744: [GC 16632K->248K(50688K), 0.0012160 secs]
58.832: [GC 16632K->248K(50688K), 0.0009120 secs]
58.919: [GC 16632K->248K(50688K), 0.0006360 secs]
59.008: [GC 16632K->248K(50688K), 0.0018460 secs]
59.096: [GC 16632K->248K(50688K), 0.0018270 secs]
59.186: [GC 16632K->248K(50688K), 0.0010050 secs]
59.274: [GC 16632K->248K(50688K), 0.0010700 secs]
59.369: [GC 16632K->248K(50688K), 0.0016450 secs]
59.457: [GC 16632K->248K(50688K), 0.0010780 secs]
59.546: [GC 16632K->248K(50688K), 0.0011870 secs]
59.636: [GC 16632K->248K(50688K), 0.0013300 secs]
59.730: [GC 16632K->248K(50688K), 0.0014440 secs]
59.818: [GC 16632K->248K(50688K), 0.0006410 secs]
59.904: [GC 16632K->248K(50688K), 0.0005830 secs]
59.993: [GC 16632K->248K(50688K), 0.0008630 secs]
60.083: [GC 16632K->248K(50688K), 0.0012310 secs]
60.172: [GC 16632K->248K(50688K), 0.0010930 secs]
60.261: [GC 16632K->248K(50688K), 0.0012830 secs]
60.348: [GC 16632K->248K(50688K), 0.0010540 secs]
60.436: [GC 16632K->248K(50688K), 0.0012470 secs]
60.524: [GC 16632K->248K(50688K), 0.0009420 secs]
60.618: [GC 16632K->248K(50688K), 0.0009940 secs]
60.705: [GC 16632K->248K(50688K), 0.0006980 secs]
60.793: [GC 16632K->248K(50688K), 0.0010260 secs]
60.881: [GC 16632K->248K(50688K), 0.0016920 secs]
60.969: [GC 16632K->248K(50688K), 0.0010480 secs]
61.057: [GC 16632K->248K(50688K), 0.0010690 secs]
61.145: [GC 16632K->248K(50688K), 0.0009600 secs]
61.232: [GC 16632K->248K(50688K), 0.0011310 secs]
61.325: [GC 16632K->248K(50688K), 0.0007610 secs]
61.421: [GC 16632K->248K(50688K), 0.0007010 secs]
61.510: [GC 16632K->248K(50688K), 0.0007860 secs]
61.602: [GC 16632K->248K(50688K), 0.0011550 secs]
61.690: [GC 16632K->248K(50688K), 0.0011520 secs]
61.778: [GC 16632K->248K(50688K), 0.0010830 secs]
61.866: [GC 16632K->248K(50688K), 0.0010360 secs]
61.953: [GC 16632K->248K(50688K), 0.0011500 secs]
62.043: [GC 16632K->248K(50688K), 0.0012100 secs]
62.131: [GC 16632K->248K(50688K), 0.0011250 secs]
62.218: [GC 16632K->248K(50688K), 0.0011530 secs]
62.306: [GC 16632K->248K(50688K), 0.0011610 secs]
62.394: [GC 16632K->248K(50688K), 0.0010020 secs]
62.482: [GC 16632K->248K(50688K), 0.0007660 secs]
62.575: [GC 16632K->248K(50688K), 0.0010660 secs]
62.664: [GC 16632K->248K(50688K), 0.0011400 secs]
62.751: [GC 16632K->248K(50688K), 0.0012200 secs]
62.839: [GC 16632K->248K(50688K), 0.0013540 secs]
62.927: [GC 16632K->248K(50688K), 0.0010940 secs]
63.020: [GC 16632K->248K(50688K), 0.0009620 secs]
63.130: [GC 16632K->248K(50688K), 0.0008990 secs]
63.229: [GC 16632K->248K(50688K), 0.0010330 secs]
63.334: [GC 16632K->248K(50688K), 0.0007300 secs]
63.433: [GC 16632K->248K(50688K), 0.0009210 secs]
63.534: [GC 16632K->248K(50688K), 0.0007260 secs]
63.634: [GC 16632K->248K(50688K), 0.0008050 secs]
63.739: [GC 16632K->248K(50688K), 0.0008100 secs]
63.831: [GC 16632K->248K(50688K), 0.0007510 secs]
63.918: [GC 16632K->248K(50688K), 0.0011800 secs]
64.012: [GC 16632K->248K(50688K), 0.0010180 secs]
64.109: [GC 16632K->248K(50688K), 0.0006850 secs]
64.205: [GC 16632K->248K(50688K), 0.0012190 secs]
64.301: [GC 16632K->248K(50688K), 0.0010390 secs]
64.388: [GC 16632K->248K(50688K), 0.0010300 secs]
64.482: [GC 16632K->248K(50688K), 0.0009890 secs]
64.582: [GC 16632K->248K(50688K), 0.0012550 secs]
64.670: [GC 16632K->248K(50688K), 0.0009420 secs]
64.761: [GC 16632K->248K(50688K), 0.0009790 secs]
64.848: [GC 16632K->248K(50688K), 0.0012700 secs]
64.936: [GC 16632K->248K(50688K), 0.0012200 secs]
65.024: [GC 16632K->248K(50688K), 0.0008400 secs]
65.119: [GC 16632K->248K(50688K), 0.0017390 secs]
65.207: [GC 16632K->248K(50688K), 0.0014550 secs]
65.295: [GC 16632K->248K(50688K), 0.0010230 secs]
65.383: [GC 16632K->248K(50688K), 0.0011730 secs]
65.478: [GC 16632K->248K(50688K), 0.0010290 secs]
65.565: [GC 16632K->248K(50688K), 0.0010860 secs]
65.657: [GC 16632K->248K(50688K), 0.0007350 secs]
65.752: [GC 16632K->248K(50688K), 0.0006260 secs]
65.847: [GC 16632K->248K(50688K), 0.0009430 secs]
65.935: [GC 16632K->248K(50688K), 0.0011250 secs]
66.022: [GC 16632K->248K(50688K), 0.0011100 secs]
66.117: [GC 16632K->248K(50688K), 0.0007870 secs]
66.206: [GC 16632K->248K(50688K), 0.0009540 secs]
66.292: [GC 16632K->248K(50688K), 0.0007240 secs]
66.381: [GC 16632K->248K(50688K), 0.0012270 secs]
66.468: [GC 16632K->248K(50688K), 0.0011210 secs]
66.556: [GC 16632K->248K(50688K), 0.0012330 secs]
66.645: [GC 16632K->248K(50688K), 0.0011670 secs]
66.732: [GC 16632K->248K(50688K), 0.0009360 secs]
66.824: [GC 16632K->248K(50688K), 0.0006670 secs]
66.918: [GC 16632K->248K(50688K), 0.0010920 secs]
67.013: [GC 16632K->248K(50688K), 0.0009490 secs]
67.101: [GC 16632K->248K(50688K), 0.0006290 secs]
67.189: [GC 16632K->248K(50688K), 0.0004940 secs]
67.275: [GC 16632K->248K(50688K), 0.0006530 secs]
67.365: [GC 16632K->248K(50688K), 0.0011360 secs]
67.452: [GC 16632K->248K(50688K), 0.0010460 secs]
67.539: [GC 16632K->248K(50688K), 0.0010070 secs]
67.629: [GC 16632K->248K(50688K), 0.0007400 secs]
67.718: [GC 16632K->248K(50688K), 0.0008490 secs]
67.805: [GC 16632K->248K(50688K), 0.0010510 secs]
67.902: [GC 16632K->248K(50688K), 0.0008680 secs]
67.997: [GC 16632K->248K(50688K), 0.0006230 secs]
68.093: [GC 16632K->248K(50688K), 0.0006210 secs]
68.180: [GC 16632K->248K(50688K), 0.0010510 secs]
68.282: [GC 16632K->248K(50688K), 0.0008270 secs]
68.374: [GC 16632K->248K(50688K), 0.0016370 secs]
68.475: [GC 16632K->248K(50688K), 0.0008780 secs]
68.563: [GC 16632K->248K(50688K), 0.0011140 secs]
68.660: [GC 16632K->248K(50688K), 0.0012380 secs]
68.748: [GC 16632K->248K(50688K), 0.0013190 secs]
68.836: [GC 16632K->248K(50688K), 0.0010680 secs]
68.923: [GC 16632K->248K(50688K), 0.0007580 secs]
69.010: [GC 16632K->248K(50688K), 0.0006130 secs]
69.096: [GC 16632K->248K(50688K), 0.0007030 secs]
69.194: [GC 16632K->248K(50688K), 0.0006810 secs]
69.280: [GC 16632K->248K(50688K), 0.0009250 secs]
69.367: [GC 16632K->248K(50688K), 0.0012310 secs]
69.455: [GC 16632K->248K(50688K), 0.0013410 secs]
69.543: [GC 16632K->248K(50688K), 0.0016680 secs]
69.633: [GC 16632K->248K(50688K), 0.0006270 secs]
69.720: [GC 16632K->248K(50688K), 0.0010360 secs]
69.808: [GC 16632K->248K(50688K), 0.0012790 secs]
69.905: [GC 16632K->248K(50688K), 0.0013120 secs]
70.001: [GC 16632K->248K(50688K), 0.0011180 secs]
70.097: [GC 16632K->248K(50688K), 0.0011080 secs]
70.193: [GC 16632K->248K(50688K), 0.0006560 secs]
70.288: [GC 16632K->248K(50688K), 0.0011820 secs]
70.375: [GC 16632K->248K(50688K), 0.0007700 secs]
70.462: [GC 16632K->248K(50688K), 0.0011520 secs]
70.555: [GC 16632K->248K(50688K), 0.0013710 secs]
70.650: [GC 16632K->248K(50688K), 0.0010050 secs]
70.750: [GC 16632K->248K(50688K), 0.0005960 secs]
70.841: [GC 16632K->248K(50688K), 0.0014240 secs]
70.928: [GC 16632K->248K(50688K), 0.0005640 secs]
71.020: [GC 16632K->248K(50688K), 0.0009360 secs]
71.107: [GC 16632K->248K(50688K), 0.0005300 secs]
71.201: [GC 16632K->248K(50688K), 0.0007640 secs]
71.296: [GC 16632K->248K(50688K), 0.0027240 secs]
71.388: [GC 16632K->248K(50688K), 0.0010250 secs]
71.478: [GC 16632K->248K(50688K), 0.0007000 secs]
71.575: [GC 16632K->248K(50688K), 0.0012670 secs]
71.663: [GC 16632K->248K(50688K), 0.0015850 secs]
71.751: [GC 16632K->248K(50688K), 0.0010450 secs]
71.849: [GC 16632K->248K(50688K), 0.0008020 secs]
71.945: [GC 16632K->248K(50688K), 0.0011400 secs]
72.033: [GC 16632K->248K(50688K), 0.0010190 secs]
72.120: [GC 16632K->248K(50688K), 0.0010750 secs]
72.208: [GC 16632K->248K(50688K), 0.0010570 secs]
72.318: [GC 16632K->248K(50688K), 0.0006830 secs]
72.409: [GC 16632K->248K(50688K), 0.0007090 secs]
72.501: [GC 16632K->248K(50688K), 0.0010390 secs]
72.594: [GC 16632K->248K(50688K), 0.0011110 secs]
72.682: [GC 16632K->248K(50688K), 0.0010410 secs]
72.769: [GC 16632K->248K(50688K), 0.0010400 secs]
72.858: [GC 16632K->248K(50688K), 0.0010460 secs]
72.950: [GC 16632K->248K(50688K), 0.0010820 secs]
73.041: [GC 16632K->248K(50688K), 0.0011220 secs]
73.129: [GC 16632K->248K(50688K), 0.0008130 secs]
73.216: [GC 16632K->248K(50688K), 0.0011210 secs]
73.312: [GC 16632K->248K(50688K), 0.0011670 secs]
73.401: [GC 16632K->248K(50688K), 0.0010730 secs]
73.488: [GC 16632K->248K(50688K), 0.0011240 secs]
73.575: [GC 16632K->248K(50688K), 0.0011620 secs]
73.663: [GC 16632K->248K(50688K), 0.0012660 secs]
73.751: [GC 16632K->248K(50688K), 0.0013160 secs]
73.842: [GC 16632K->248K(50688K), 0.0019430 secs]
73.937: [GC 16632K->248K(50688K), 0.0010100 secs]
74.033: [GC 16632K->248K(50688K), 0.0006860 secs]
74.129: [GC 16632K->248K(50688K), 0.0013240 secs]
74.216: [GC 16632K->248K(50688K), 0.0013020 secs]
74.303: [GC 16632K->248K(50688K), 0.0010900 secs]
74.392: [GC 16632K->248K(50688K), 0.0012430 secs]
74.479: [GC 16632K->248K(50688K), 0.0013340 secs]
74.568: [GC 16632K->248K(50688K), 0.0010910 secs]
74.655: [GC 16632K->248K(50688K), 0.0013530 secs]
74.744: [GC 16632K->248K(50688K), 0.0011830 secs]
74.831: [GC 16632K->248K(50688K), 0.0011630 secs]
74.919: [GC 16632K->248K(50688K), 0.0014910 secs]
75.007: [GC 16632K->248K(50688K), 0.0014640 secs]
75.103: [GC 16632K->248K(50688K), 0.0012630 secs]
75.191: [GC 16632K->248K(50688K), 0.0017190 secs]
75.279: [GC 16632K->248K(50688K), 0.0009920 secs]
75.381: [GC 16632K->248K(50688K), 0.0016890 secs]
75.469: [GC 16632K->248K(50688K), 0.0019270 secs]
75.560: [GC 16632K->248K(50688K), 0.0008240 secs]
75.648: [GC 16632K->248K(50688K), 0.0008850 secs]
75.739: [GC 16632K->248K(50688K), 0.0008030 secs]
75.826: [GC 16632K->248K(50688K), 0.0012020 secs]
75.916: [GC 16632K->248K(50688K), 0.0012640 secs]
76.004: [GC 16632K->248K(50688K), 0.0011840 secs]
76.093: [GC 16632K->248K(50688K), 0.0013750 secs]
76.185: [GC 16632K->248K(50688K), 0.0011690 secs]
76.275: [GC 16632K->248K(50688K), 0.0010540 secs]
76.372: [GC 16632K->248K(50688K), 0.0011690 secs]
76.469: [GC 16632K->248K(50688K), 0.0011190 secs]
76.556: [GC 16632K->248K(50688K), 0.0010990 secs]
76.643: [GC 16632K->248K(50688K), 0.0016880 secs]
76.731: [GC 16632K->248K(50688K), 0.0013340 secs]
76.819: [GC 16632K->248K(50688K), 0.0011330 secs]
76.919: [GC 16632K->248K(50688K), 0.0005900 secs]
77.011: [GC 16632K->248K(50688K), 0.0011270 secs]
77.098: [GC 16632K->248K(50688K), 0.0010690 secs]
77.186: [GC 16632K->248K(50688K), 0.0011480 secs]
77.274: [GC 16632K->248K(50688K), 0.0011080 secs]
77.361: [GC 16632K->248K(50688K), 0.0009150 secs]
77.449: [GC 16632K->248K(50688K), 0.0007380 secs]
77.535: [GC 16632K->248K(50688K), 0.0006670 secs]
77.632: [GC 16632K->248K(50688K), 0.0005210 secs]
77.719: [GC 16632K->248K(50688K), 0.0011040 secs]
77.814: [GC 16632K->248K(50688K), 0.0010320 secs]
77.901: [GC 16632K->248K(50688K), 0.0010640 secs]
77.989: [GC 16632K->248K(50688K), 0.0011550 secs]
78.076: [GC 16632K->248K(50688K), 0.0007850 secs]
78.172: [GC 16632K->248K(50688K), 0.0009880 secs]
78.267: [GC 16632K->248K(50688K), 0.0007740 secs]
78.354: [GC 16632K->248K(50688K), 0.0007720 secs]
78.444: [GC 16632K->248K(50688K), 0.0008830 secs]
78.539: [GC 16632K->248K(50688K), 0.0006970 secs]
78.626: [GC 16632K->248K(50688K), 0.0006220 secs]
78.717: [GC 16632K->248K(50688K), 0.0015420 secs]
78.805: [GC 16632K->248K(50688K), 0.0010220 secs]
78.892: [GC 16632K->248K(50688K), 0.0011350 secs]
78.990: [GC 16632K->248K(50688K), 0.0009910 secs]
79.077: [GC 16632K->248K(50688K), 0.0007110 secs]
79.173: [GC 16632K->248K(50688K), 0.0011350 secs]
79.260: [GC 16632K->248K(50688K), 0.0007060 secs]
79.352: [GC 16632K->248K(50688K), 0.0009880 secs]
79.439: [GC 16632K->248K(50688K), 0.0012080 secs]
79.526: [GC 16632K->248K(50688K), 0.0014700 secs]
79.614: [GC 16632K->248K(50688K), 0.0013440 secs]
79.702: [GC 16632K->248K(50688K), 0.0010450 secs]
79.789: [GC 16632K->248K(50688K), 0.0010340 secs]
79.876: [GC 16632K->248K(50688K), 0.0008820 secs]
79.966: [GC 16632K->248K(50688K), 0.0007650 secs]
80.069: [GC 16632K->248K(50688K), 0.0006080 secs]
80.168: [GC 16632K->248K(50688K), 0.0007700 secs]
80.257: [GC 16632K->248K(50688K), 0.0007090 secs]
80.344: [GC 16632K->248K(50688K), 0.0007500 secs]
80.431: [GC 16632K->248K(50688K), 0.0007240 secs]
80.518: [GC 16632K->248K(50688K), 0.0011460 secs]
80.611: [GC 16632K->248K(50688K), 0.0010670 secs]
80.699: [GC 16632K->248K(50688K), 0.0010730 secs]
80.791: [GC 16632K->248K(50688K), 0.0010720 secs]
80.884: [GC 16632K->248K(50688K), 0.0008660 secs]
80.981: [GC 16632K->248K(50688K), 0.0006760 secs]
81.078: [GC 16632K->248K(50688K), 0.0007280 secs]
81.173: [GC 16632K->248K(50688K), 0.0008780 secs]
81.269: [GC 16632K->248K(50688K), 0.0012700 secs]
81.357: [GC 16632K->248K(50688K), 0.0010690 secs]
81.445: [GC 16632K->248K(50688K), 0.0009170 secs]
81.538: [GC 16632K->248K(50688K), 0.0011450 secs]
81.631: [GC 16632K->248K(50688K), 0.0011130 secs]
81.726: [GC 16632K->248K(50688K), 0.0008060 secs]
81.821: [GC 16632K->248K(50688K), 0.0006590 secs]
81.915: [GC 16632K->248K(50688K), 0.0010640 secs]
82.003: [GC 16632K->248K(50688K), 0.0008830 secs]
82.090: [GC 16632K->248K(50688K), 0.0016960 secs]
82.184: [GC 16632K->248K(50688K), 0.0016050 secs]
82.280: [GC 16632K->248K(50688K), 0.0009160 secs]
82.367: [GC 16632K->248K(50688K), 0.0031830 secs]
82.456: [GC 16632K->248K(50688K), 0.0010630 secs]
82.543: [GC 16632K->248K(50688K), 0.0012490 secs]
82.630: [GC 16632K->248K(50688K), 0.0010630 secs]
82.718: [GC 16632K->248K(50688K), 0.0007200 secs]
82.805: [GC 16632K->248K(50688K), 0.0040240 secs]
82.895: [GC 16632K->248K(50688K), 0.0014200 secs]
82.987: [GC 16632K->248K(50688K), 0.0012950 secs]
83.078: [GC 16632K->248K(50688K), 0.0022740 secs]
83.167: [GC 16632K->248K(50688K), 0.0008760 secs]
83.261: [GC 16632K->248K(50688K), 0.0004980 secs]
83.355: [GC 16632K->248K(50688K), 0.0007240 secs]
83.445: [GC 16632K->248K(50688K), 0.0012410 secs]
83.538: [GC 16632K->248K(50688K), 0.0011450 secs]
83.634: [GC 16632K->248K(50688K), 0.0007360 secs]
83.728: [GC 16632K->248K(50688K), 0.0011580 secs]
83.818: [GC 16632K->248K(50688K), 0.0011290 secs]
83.906: [GC 16632K->248K(50688K), 0.0010090 secs]
83.994: [GC 16632K->248K(50688K), 0.0013960 secs]
84.083: [GC 16632K->248K(50688K), 0.0019150 secs]
84.172: [GC 16632K->248K(50688K), 0.0011020 secs]
84.259: [GC 16632K->248K(50688K), 0.0011770 secs]
84.347: [GC 16632K->248K(50688K), 0.0014900 secs]
84.439: [GC 16632K->248K(50688K), 0.0011100 secs]
84.526: [GC 16632K->248K(50688K), 0.0006500 secs]
84.623: [GC 16632K->248K(50688K), 0.0011680 secs]
84.715: [GC 16632K->248K(50688K), 0.0010600 secs]
84.803: [GC 16632K->248K(50688K), 0.0010930 secs]
84.899: [GC 16632K->248K(50688K), 0.0011020 secs]
84.985: [GC 16632K->248K(50688K), 0.0006760 secs]
85.072: [GC 16632K->248K(50688K), 0.0005870 secs]
85.162: [GC 16632K->248K(50688K), 0.0006490 secs]
85.253: [GC 16632K->248K(50688K), 0.0010200 secs]
85.356: [GC 16632K->248K(50688K), 0.0012120 secs]
85.443: [GC 16632K->248K(50688K), 0.0007680 secs]
85.529: [GC 16632K->248K(50688K), 0.0007710 secs]
85.616: [GC 16632K->248K(50688K), 0.0011550 secs]
85.704: [GC 16632K->248K(50688K), 0.0010780 secs]
85.796: [GC 16632K->248K(50688K), 0.0010960 secs]
85.884: [GC 16632K->248K(50688K), 0.0011930 secs]
85.971: [GC 16632K->248K(50688K), 0.0012210 secs]
86.060: [GC 16632K->248K(50688K), 0.0010570 secs]
86.151: [GC 16632K->248K(50688K), 0.0010680 secs]
86.239: [GC 16632K->248K(50688K), 0.0010770 secs]
86.333: [GC 16632K->248K(50688K), 0.0010770 secs]
86.431: [GC 16632K->248K(50688K), 0.0010580 secs]
86.518: [GC 16632K->248K(50688K), 0.0009920 secs]
86.611: [GC 16632K->248K(50688K), 0.0014520 secs]
86.708: [GC 16632K->248K(50688K), 0.0010640 secs]
86.802: [GC 16632K->248K(50688K), 0.0007830 secs]
86.889: [GC 16632K->248K(50688K), 0.0007510 secs]
86.976: [GC 16632K->248K(50688K), 0.0012410 secs]
87.064: [GC 16632K->248K(50688K), 0.0010620 secs]
87.153: [GC 16632K->248K(50688K), 0.0012830 secs]
87.246: [GC 16632K->248K(50688K), 0.0007100 secs]
87.333: [GC 16632K->248K(50688K), 0.0007320 secs]
87.419: [GC 16632K->248K(50688K), 0.0006200 secs]
87.505: [GC 16632K->248K(50688K), 0.0004650 secs]
87.594: [GC 16632K->248K(50688K), 0.0006210 secs]
87.686: [GC 16632K->248K(50688K), 0.0010090 secs]
87.777: [GC 16632K->248K(50688K), 0.0006720 secs]
87.863: [GC 16632K->248K(50688K), 0.0007960 secs]
87.950: [GC 16632K->248K(50688K), 0.0012110 secs]
88.041: [GC 16632K->248K(50688K), 0.0010200 secs]
88.128: [GC 16632K->248K(50688K), 0.0011280 secs]
88.216: [GC 16632K->248K(50688K), 0.0006380 secs]
88.303: [GC 16632K->248K(50688K), 0.0010600 secs]
88.393: [GC 16632K->248K(50688K), 0.0005770 secs]
88.480: [GC 16632K->248K(50688K), 0.0007920 secs]
88.568: [GC 16632K->248K(50688K), 0.0007100 secs]
88.655: [GC 16632K->248K(50688K), 0.0009460 secs]
88.748: [GC 16632K->248K(50688K), 0.0012210 secs]
88.836: [GC 16632K->248K(50688K), 0.0008850 secs]
88.926: [GC 16632K->248K(50688K), 0.0012020 secs]
89.014: [GC 16632K->248K(50688K), 0.0011760 secs]
89.101: [GC 16632K->248K(50688K), 0.0013870 secs]
89.189: [GC 16632K->248K(50688K), 0.0013850 secs]
89.281: [GC 16632K->248K(50688K), 0.0010220 secs]
89.367: [GC 16632K->248K(50688K), 0.0013060 secs]
89.456: [GC 16632K->248K(50688K), 0.0010740 secs]
89.543: [GC 16632K->248K(50688K), 0.0006070 secs]
89.630: [GC 16632K->248K(50688K), 0.0005820 secs]
89.717: [GC 16632K->248K(50688K), 0.0007550 secs]
89.804: [GC 16632K->248K(50688K), 0.0006410 secs]
89.891: [GC 16632K->248K(50688K), 0.0007640 secs]
89.983: [GC 16632K->248K(50688K), 0.0009090 secs]
90.070: [GC 16632K->248K(50688K), 0.0010000 secs]
90.159: [GC 16632K->248K(50688K), 0.0011230 secs]
90.247: [GC 16632K->248K(50688K), 0.0007440 secs]
90.335: [GC 16632K->248K(50688K), 0.0006310 secs]
90.422: [GC 16632K->248K(50688K), 0.0006260 secs]
90.508: [GC 16632K->248K(50688K), 0.0009010 secs]
90.595: [GC 16632K->248K(50688K), 0.0008420 secs]
90.682: [GC 16632K->248K(50688K), 0.0007330 secs]
90.773: [GC 16632K->248K(50688K), 0.0011040 secs]
90.860: [GC 16632K->248K(50688K), 0.0008290 secs]
90.955: [GC 16632K->248K(50688K), 0.0012680 secs]
91.042: [GC 16632K->248K(50688K), 0.0010890 secs]
91.130: [GC 16632K->248K(50688K), 0.0007810 secs]
91.219: [GC 16632K->248K(50688K), 0.0012010 secs]
91.314: [GC 16632K->248K(50688K), 0.0005900 secs]
91.412: [GC 16632K->248K(50688K), 0.0011330 secs]
91.505: [GC 16632K->248K(50688K), 0.0010200 secs]
91.593: [GC 16632K->248K(50688K), 0.0010530 secs]
91.688: [GC 16632K->248K(50688K), 0.0012420 secs]
91.775: [GC 16632K->248K(50688K), 0.0011050 secs]
91.863: [GC 16632K->248K(50688K), 0.0012270 secs]
91.950: [GC 16632K->248K(50688K), 0.0010900 secs]
92.038: [GC 16632K->248K(50688K), 0.0008240 secs]
92.131: [GC 16632K->248K(50688K), 0.0009510 secs]
92.218: [GC 16632K->248K(50688K), 0.0005740 secs]
92.327: [GC 16632K->248K(50688K), 0.0029470 secs]
92.419: [GC 16632K->248K(50688K), 0.0007860 secs]
92.505: [GC 16632K->248K(50688K), 0.0010610 secs]
92.599: [GC 16632K->248K(50688K), 0.0011520 secs]
92.694: [GC 16632K->248K(50688K), 0.0011810 secs]
92.781: [GC 16632K->248K(50688K), 0.0011100 secs]
92.870: [GC 16632K->248K(50688K), 0.0011480 secs]
92.957: [GC 16632K->248K(50688K), 0.0010420 secs]
93.045: [GC 16632K->248K(50688K), 0.0014490 secs]
93.133: [GC 16632K->248K(50688K), 0.0007970 secs]
93.225: [GC 16632K->248K(50688K), 0.0011950 secs]
93.314: [GC 16632K->248K(50688K), 0.0006140 secs]
93.406: [GC 16632K->248K(50688K), 0.0007100 secs]
93.498: [GC 16632K->248K(50688K), 0.0006100 secs]
93.585: [GC 16632K->248K(50688K), 0.0005940 secs]
93.672: [GC 16632K->248K(50688K), 0.0009060 secs]
93.763: [GC 16632K->248K(50688K), 0.0006230 secs]
93.853: [GC 16632K->248K(50688K), 0.0008170 secs]
93.942: [GC 16632K->248K(50688K), 0.0011670 secs]
94.030: [GC 16632K->248K(50688K), 0.0011890 secs]
94.118: [GC 16632K->248K(50688K), 0.0011650 secs]
94.206: [GC 16632K->248K(50688K), 0.0011540 secs]
94.297: [GC 16632K->248K(50688K), 0.0010400 secs]
94.385: [GC 16632K->248K(50688K), 0.0006930 secs]
94.473: [GC 16632K->248K(50688K), 0.0006810 secs]
94.559: [GC 16632K->248K(50688K), 0.0006730 secs]
94.646: [GC 16632K->248K(50688K), 0.0007710 secs]
94.733: [GC 16632K->248K(50688K), 0.0006150 secs]
94.819: [GC 16632K->248K(50688K), 0.0007310 secs]
94.907: [GC 16632K->248K(50688K), 0.0006750 secs]
94.994: [GC 16632K->248K(50688K), 0.0005960 secs]
95.080: [GC 16632K->248K(50688K), 0.0010680 secs]
95.167: [GC 16632K->248K(50688K), 0.0010670 secs]
95.262: [GC 16632K->248K(50688K), 0.0013060 secs]
95.357: [GC 16632K->248K(50688K), 0.0009840 secs]
95.451: [GC 16632K->248K(50688K), 0.0007530 secs]
95.548: [GC 16632K->248K(50688K), 0.0009340 secs]
95.636: [GC 16632K->248K(50688K), 0.0011780 secs]
95.723: [GC 16632K->248K(50688K), 0.0008480 secs]
95.812: [GC 16632K->248K(50688K), 0.0006830 secs]
95.913: [GC 16632K->248K(50688K), 0.0010490 secs]
96.008: [GC 16632K->248K(50688K), 0.0007600 secs]
96.102: [GC 16632K->248K(50688K), 0.0010490 secs]
96.198: [GC 16632K->248K(50688K), 0.0012610 secs]
96.293: [GC 16632K->248K(50688K), 0.0010060 secs]
96.382: [GC 16632K->248K(50688K), 0.0009730 secs]
96.471: [GC 16632K->248K(50688K), 0.0008520 secs]
96.559: [GC 16632K->248K(50688K), 0.0013650 secs]
96.651: [GC 16632K->248K(50688K), 0.0011210 secs]
96.747: [GC 16632K->248K(50688K), 0.0011830 secs]
96.834: [GC 16632K->248K(50688K), 0.0010530 secs]
96.934: [GC 16632K->248K(50688K), 0.0007720 secs]
97.035: [GC 16632K->248K(50688K), 0.0006190 secs]
97.124: [GC 16632K->248K(50688K), 0.0011430 secs]
97.218: [GC 16632K->248K(50688K), 0.0012130 secs]
97.313: [GC 16632K->248K(50688K), 0.0010200 secs]
97.402: [GC 16632K->248K(50688K), 0.0010170 secs]
97.495: [GC 16632K->248K(50688K), 0.0006170 secs]
97.590: [GC 16632K->248K(50688K), 0.0006130 secs]
97.681: [GC 16632K->248K(50688K), 0.0005820 secs]
97.772: [GC 16632K->248K(50688K), 0.0009740 secs]
97.859: [GC 16632K->248K(50688K), 0.0012180 secs]
97.948: [GC 16632K->248K(50688K), 0.0012680 secs]
98.035: [GC 16632K->248K(50688K), 0.0011330 secs]
98.125: [GC 16632K->248K(50688K), 0.0010360 secs]
98.216: [GC 16632K->248K(50688K), 0.0011820 secs]
98.303: [GC 16632K->248K(50688K), 0.0013990 secs]
98.391: [GC 16632K->248K(50688K), 0.0011550 secs]
98.485: [GC 16632K->248K(50688K), 0.0010190 secs]
98.573: [GC 16632K->248K(50688K), 0.0007310 secs]
98.660: [GC 16632K->248K(50688K), 0.0005050 secs]
98.746: [GC 16632K->248K(50688K), 0.0009010 secs]
98.833: [GC 16632K->248K(50688K), 0.0011480 secs]
98.920: [GC 16632K->248K(50688K), 0.0011900 secs]
99.009: [GC 16632K->248K(50688K), 0.0013090 secs]
99.097: [GC 16632K->248K(50688K), 0.0007530 secs]
99.191: [GC 16632K->248K(50688K), 0.0011420 secs]
99.279: [GC 16632K->248K(50688K), 0.0012710 secs]
99.372: [GC 16632K->248K(50688K), 0.0011840 secs]
99.471: [GC 16632K->248K(50688K), 0.0012470 secs]
99.559: [GC 16632K->248K(50688K), 0.0012550 secs]
99.647: [GC 16632K->248K(50688K), 0.0012410 secs]
99.735: [GC 16632K->248K(50688K), 0.0010620 secs]
99.825: [GC 16632K->248K(50688K), 0.0012370 secs]
99.917: [GC 16632K->248K(50688K), 0.0008070 secs]
100.020: [GC 16632K->248K(50688K), 0.0007780 secs]
