0.101: [GC 13312K->13240K(49152K), 0.0296260 secs]
0.138: [GC 26552K->26064K(49152K), 0.0887980 secs]
0.227: [Full GC 26064K->20707K(49152K), 0.5258970 secs]
0.760: [Full GC 34019K->20704K(49152K), 0.5149500 secs]
1.282: [Full GC 34016K->20704K(49152K), 0.5831280 secs]
1.872: [Full GC 34016K->20704K(49152K), 0.5062240 secs]
2.386: [Full GC 34016K->20704K(49152K), 0.5038400 secs]
2.897: [Full GC 34016K->20704K(49152K), 0.4999590 secs]
3.405: [Full GC 34016K->20704K(49152K), 0.5041190 secs]
3.917: [Full GC 34016K->20704K(49152K), 0.5238780 secs]
4.448: [Full GC 34016K->20704K(49152K), 0.5038950 secs]
4.961: [Full GC 34016K->20704K(49152K), 0.5125820 secs]
5.481: [Full GC 34016K->20704K(49152K), 0.5082240 secs]
5.996: [Full GC 34016K->20704K(49152K), 0.5008050 secs]
6.505: [Full GC 34016K->20704K(49152K), 0.4841050 secs]
6.997: [Full GC 34016K->20704K(49152K), 0.5433800 secs]
7.547: [Full GC 34016K->20704K(49152K), 0.4936020 secs]
8.053: [Full GC 34016K->20704K(49152K), 0.5112960 secs]
8.573: [Full GC 34016K->20704K(49152K), 0.5099620 secs]
9.091: [Full GC 34016K->20704K(49152K), 0.5475530 secs]
9.646: [Full GC 34016K->20704K(49152K), 0.5105530 secs]
10.167: [Full GC 34016K->20704K(49152K), 0.5324830 secs]
10.707: [Full GC 34016K->20704K(49152K), 0.5021670 secs]
11.216: [Full GC 34016K->20704K(49152K), 0.4999930 secs]
11.723: [Full GC 34016K->20704K(49152K), 0.4966060 secs]
12.227: [Full GC 34016K->20704K(49152K), 0.5031490 secs]
12.741: [Full GC 34016K->20704K(49152K), 0.5457710 secs]
13.294: [Full GC 34016K->20704K(49152K), 0.4945980 secs]
13.796: [Full GC 34016K->20704K(49152K), 0.5014730 secs]
14.304: [Full GC 34016K->20704K(49152K), 0.5019180 secs]
14.814: [Full GC 34016K->20704K(49152K), 0.4989860 secs]
15.320: [Full GC 34016K->20704K(49152K), 0.5224090 secs]
15.852: [Full GC 34016K->20704K(49152K), 0.5115590 secs]
16.371: [Full GC 34016K->20704K(49152K), 0.5097260 secs]
16.887: [Full GC 34016K->20704K(49152K), 0.5016380 secs]
17.400: [Full GC 34016K->20704K(49152K), 0.4981780 secs]
17.905: [Full GC 34016K->20704K(49152K), 0.5019520 secs]
18.414: [Full GC 34016K->20704K(49152K), 0.5000090 secs]
18.926: [Full GC 34016K->20704K(49152K), 0.5094130 secs]
19.446: [Full GC 34016K->20704K(49152K), 0.5122310 secs]
19.965: [Full GC 34016K->20704K(49152K), 0.5116390 secs]
20.484: [Full GC 34016K->20704K(49152K), 0.4975560 secs]
20.990: [Full GC 34016K->20704K(49152K), 0.4990570 secs]
21.496: [Full GC 34016K->20704K(49152K), 0.5003400 secs]
22.007: [Full GC 34016K->20704K(49152K), 0.5271080 secs]
22.541: [Full GC 34016K->20704K(49152K), 0.5051300 secs]
23.054: [Full GC 34016K->20704K(49152K), 0.5010540 secs]
23.564: [Full GC 34016K->20704K(49152K), 0.5078610 secs]
24.079: [Full GC 34016K->20704K(49152K), 0.5052400 secs]
24.592: [Full GC 34016K->20704K(49152K), 0.5036010 secs]
25.104: [Full GC 34016K->20704K(49152K), 0.5069310 secs]
25.618: [Full GC 34016K->20704K(49152K), 0.4986260 secs]
26.125: [Full GC 34016K->20704K(49152K), 0.5407670 secs]
26.673: [Full GC 34016K->20704K(49152K), 0.4983610 secs]
27.178: [Full GC 34016K->20704K(49152K), 0.5012700 secs]
27.687: [Full GC 34016K->20704K(49152K), 0.4996430 secs]
28.197: [Full GC 34016K->20704K(49152K), 0.5033550 secs]
28.708: [Full GC 34016K->20704K(49152K), 0.4953760 secs]
29.210: [Full GC 34016K->20704K(49152K), 0.4985970 secs]
29.725: [Full GC 34016K->20694K(49152K), 0.5128660 secs]
30.245: [Full GC 34006K->20694K(49152K), 0.5076840 secs]
30.761: [Full GC 34006K->20694K(49152K), 0.4990570 secs]
31.268: [Full GC 34006K->20694K(49152K), 0.5012590 secs]
31.776: [Full GC 34006K->20694K(49152K), 0.5017200 secs]
32.285: [Full GC 34006K->20694K(49152K), 0.4995460 secs]
32.793: [Full GC 34006K->20694K(49152K), 0.4922520 secs]
33.293: [Full GC 34006K->20694K(49152K), 0.5128920 secs]
33.814: [Full GC 34006K->20694K(49152K), 0.4992870 secs]
34.323: [Full GC 34006K->20694K(49152K), 0.5077230 secs]
34.838: [Full GC 34006K->20694K(49152K), 0.4999650 secs]
35.345: [Full GC 34006K->20694K(49152K), 0.5353780 secs]
35.891: [Full GC 34006K->20694K(49152K), 0.5159310 secs]
36.414: [Full GC 34006K->20694K(49152K), 0.5010780 secs]
36.923: [Full GC 34006K->20694K(49152K), 0.5006740 secs]
37.431: [Full GC 34006K->20694K(49152K), 0.4940190 secs]
37.932: [Full GC 34006K->20694K(49152K), 0.4980150 secs]
38.438: [Full GC 34006K->20694K(49152K), 0.5033900 secs]
38.949: [Full GC 34006K->20694K(49152K), 0.5101700 secs]
39.467: [Full GC 34006K->20694K(49152K), 0.5296340 secs]
40.004: [Full GC 34006K->20694K(49152K), 0.5004590 secs]
40.511: [Full GC 34006K->20694K(49152K), 0.4995970 secs]
41.018: [Full GC 34006K->20694K(49152K), 0.5014710 secs]
41.527: [Full GC 34006K->20694K(49152K), 0.5104780 secs]
42.047: [Full GC 34006K->20694K(49152K), 0.4924550 secs]
42.547: [Full GC 34006K->20694K(49152K), 0.5133630 secs]
43.067: [Full GC 34006K->20694K(49152K), 0.5313820 secs]
43.606: [Full GC 34006K->20694K(49152K), 0.4927840 secs]
44.106: [Full GC 34006K->20694K(49152K), 0.4997230 secs]
44.613: [Full GC 34006K->20694K(49152K), 0.4917090 secs]
45.113: [Full GC 34006K->20694K(49152K), 0.4986460 secs]
45.619: [Full GC 34006K->20694K(49152K), 0.4987190 secs]
46.125: [Full GC 34006K->20694K(49152K), 0.5087400 secs]
46.643: [Full GC 34006K->20694K(49152K), 0.5058650 secs]
47.156: [Full GC 34006K->20694K(49152K), 0.5035870 secs]
47.666: [Full GC 34006K->20694K(49152K), 0.5329060 secs]
48.207: [Full GC 34006K->20694K(49152K), 0.4992110 secs]
48.713: [Full GC 34006K->20694K(49152K), 0.5029780 secs]
49.223: [Full GC 34006K->20694K(49152K), 0.4963690 secs]
49.731: [Full GC 34006K->20694K(49152K), 0.4969980 secs]
50.235: [Full GC 34006K->20694K(49152K), 0.4941150 secs]
50.737: [Full GC 34006K->20694K(49152K), 0.4980790 secs]
51.243: [Full GC 34006K->20694K(49152K), 0.4976400 secs]
51.748: [Full GC 34006K->20694K(49152K), 0.5013660 secs]
52.257: [Full GC 34006K->20694K(49152K), 0.5017430 secs]
52.767: [Full GC 34006K->20694K(49152K), 0.5026150 secs]
53.277: [Full GC 34006K->20694K(49152K), 0.4965800 secs]
53.781: [Full GC 34006K->20694K(49152K), 0.5017140 secs]
54.293: [Full GC 34006K->20694K(49152K), 0.5254440 secs]
54.826: [Full GC 34006K->20694K(49152K), 0.5140460 secs]
55.351: [Full GC 34006K->20694K(49152K), 0.5126450 secs]
55.872: [Full GC 34006K->20694K(49152K), 0.5412740 secs]
56.421: [Full GC 34006K->20694K(49152K), 0.4978060 secs]
56.926: [Full GC 34006K->20694K(49152K), 0.5046740 secs]
57.438: [Full GC 34006K->20694K(49152K), 0.4994110 secs]
57.946: [Full GC 34006K->20694K(49152K), 0.5153700 secs]
58.468: [Full GC 34006K->20694K(49152K), 0.4998260 secs]
58.976: [Full GC 34006K->20694K(49152K), 0.5014120 secs]
59.485: [Full GC 34006K->20694K(49152K), 0.5009930 secs]
59.994: [Full GC 34006K->20694K(49152K), 0.4983500 secs]
60.501: [Full GC 34006K->20694K(49152K), 0.4891360 secs]
60.997: [Full GC 34006K->20694K(49152K), 0.5018380 secs]
61.507: [Full GC 34006K->20694K(49152K), 0.4982230 secs]
62.013: [Full GC 34006K->20694K(49152K), 0.5198460 secs]
62.540: [Full GC 34006K->20694K(49152K), 0.5127660 secs]
63.060: [Full GC 34006K->20694K(49152K), 0.4998340 secs]
63.567: [Full GC 34006K->20694K(49152K), 0.4970350 secs]
64.071: [Full GC 34006K->20694K(49152K), 0.5038290 secs]
64.583: [Full GC 34006K->20694K(49152K), 0.4999260 secs]
65.098: [Full GC 34006K->20694K(49152K), 0.5186520 secs]
65.624: [Full GC 34006K->20694K(49152K), 0.5021710 secs]
66.133: [Full GC 34006K->20694K(49152K), 0.4999090 secs]
66.641: [Full GC 34006K->20694K(49152K), 0.5079000 secs]
67.156: [Full GC 34006K->20694K(49152K), 0.5012460 secs]
67.665: [Full GC 34006K->20694K(49152K), 0.5031150 secs]
68.177: [Full GC 34006K->20694K(49152K), 0.5029500 secs]
68.688: [Full GC 34006K->20694K(49152K), 0.4967600 secs]
69.192: [Full GC 34006K->20694K(49152K), 0.5007350 secs]
69.705: [Full GC 34006K->20694K(49152K), 0.4993890 secs]
70.211: [Full GC 34006K->20694K(49152K), 0.5133950 secs]
70.732: [Full GC 34006K->20694K(49152K), 0.4999530 secs]
71.240: [Full GC 34006K->20694K(49152K), 0.5009030 secs]
71.748: [Full GC 34006K->20694K(49152K), 0.4947080 secs]
72.250: [Full GC 34006K->20694K(49152K), 0.5184510 secs]
72.776: [Full GC 34006K->20694K(49152K), 0.5089670 secs]
73.293: [Full GC 34006K->20694K(49152K), 0.5035080 secs]
73.803: [Full GC 34006K->20694K(49152K), 0.5013120 secs]
74.313: [Full GC 34006K->20694K(49152K), 0.5043630 secs]
74.824: [Full GC 34006K->20694K(49152K), 0.5219830 secs]
75.354: [Full GC 34006K->20694K(49152K), 0.5017230 secs]
75.869: [Full GC 34006K->20694K(49152K), 0.5034940 secs]
76.380: [Full GC 34006K->20694K(49152K), 0.4948830 secs]
76.883: [Full GC 34006K->20694K(49152K), 0.5283530 secs]
77.418: [Full GC 34006K->20694K(49152K), 0.5019300 secs]
77.927: [Full GC 34006K->20694K(49152K), 0.4935460 secs]
78.428: [Full GC 34006K->20694K(49152K), 0.5086220 secs]
78.946: [Full GC 34006K->20694K(49152K), 0.5048720 secs]
79.459: [Full GC 34006K->20694K(49152K), 0.5273530 secs]
80.000: [Full GC 34006K->20694K(49152K), 0.5066550 secs]
80.514: [Full GC 34006K->20694K(49152K), 0.5017950 secs]
81.024: [Full GC 34006K->20694K(49152K), 0.4983000 secs]
81.529: [Full GC 34006K->20694K(49152K), 0.5238300 secs]
82.065: [Full GC 34006K->20694K(49152K), 0.5138950 secs]
82.586: [Full GC 34006K->20694K(49152K), 0.5069130 secs]
83.100: [Full GC 34006K->20694K(49152K), 0.5099770 secs]
83.617: [Full GC 34006K->20694K(49152K), 0.5020290 secs]
84.126: [Full GC 34006K->20694K(49152K), 0.4997040 secs]
84.633: [Full GC 34006K->20694K(49152K), 0.5049250 secs]
85.150: [Full GC 34006K->20694K(49152K), 0.4967850 secs]
85.654: [Full GC 34006K->20694K(49152K), 0.5018970 secs]
86.164: [Full GC 34006K->20694K(49152K), 0.4973120 secs]
86.672: [Full GC 34006K->20694K(49152K), 0.5036430 secs]
87.187: [Full GC 34006K->20694K(49152K), 0.5048510 secs]
87.699: [Full GC 34006K->20694K(49152K), 0.4975330 secs]
88.205: [Full GC 34006K->20694K(49152K), 0.5049320 secs]
88.718: [Full GC 34006K->20694K(49152K), 0.4985850 secs]
89.224: [Full GC 34006K->20694K(49152K), 0.5294160 secs]
89.770: [Full GC 34006K->20694K(49152K), 0.5074380 secs]
90.285: [Full GC 34006K->20694K(49152K), 0.4978870 secs]
90.790: [Full GC 34006K->20694K(49152K), 0.5026330 secs]
91.301: [Full GC 34006K->20694K(49152K), 0.5009010 secs]
91.811: [Full GC 34006K->20694K(49152K), 0.4979040 secs]
92.316: [Full GC 34006K->20694K(49152K), 0.4955470 secs]
92.820: [Full GC 34006K->20694K(49152K), 0.5055670 secs]
93.332: [Full GC 34006K->20694K(49152K), 0.5008290 secs]
93.840: [Full GC 34006K->20694K(49152K), 0.5050460 secs]
94.353: [Full GC 34006K->20694K(49152K), 0.4979770 secs]
94.860: [Full GC 34006K->20694K(49152K), 0.4970390 secs]
95.364: [Full GC 34006K->20694K(49152K), 0.5012040 secs]
95.873: [Full GC 34006K->20694K(49152K), 0.5753040 secs]
96.456: [Full GC 34006K->20694K(49152K), 0.4993730 secs]
96.963: [Full GC 34006K->20694K(49152K), 0.5276160 secs]
97.498: [Full GC 34006K->20694K(49152K), 0.5005770 secs]
98.006: [Full GC 34006K->20694K(49152K), 0.5026760 secs]
98.515: [Full GC 34006K->20694K(49152K), 0.5018730 secs]
99.028: [Full GC 34006K->20694K(49152K), 0.4936770 secs]
99.529: [Full GC 34006K->20694K(49152K), 0.5049460 secs]
100.042: [Full GC 34006K->20694K(49152K), 0.5004300 secs]
